[Licensing::Module] Trying to connect to existing licensing client channel...
Built from '6000.0/respin/6000.0.58f2-44b8bf3a32' branch; Version is '6000.0.58f2 (92dee566b325) revision 9625317'; Using compiler version '193933523'; Build Type 'Release'
[Licensing::IpcConnector] Successfully connected to: "LicenseClient-25350" at "2026-06-26T16:17:39.9672961Z"
OS: 'Windows 11  (10.0.26100) 64bit CoreCountrySpecific' Language: 'zh' Physical Memory: 31965 MB
BatchMode: 1, IsHumanControllingUs: 0, StartBugReporterOnCrash: 0, Is64bit: 1
Date: 2026-06-26T16:17:39Z

COMMAND LINE ARGUMENTS:
C:\Program Files\Unity\Hub\Editor\6000.0.58f2\Editor\Unity.exe
-batchmode
-nographics
-quit
-projectPath
C:\Gitkraken\Un-Paso-a-Ciegas
-executeMethod
BasuraPequenaDamageSetupBatch.Execute
-logFile
C:\Gitkraken\Un-Paso-a-Ciegas\basura-setup.log
Successfully changed project path to: C:\Gitkraken\Un-Paso-a-Ciegas
C:/Gitkraken/Un-Paso-a-Ciegas
It looks like another Unity instance is running with this project open.

Multiple Unity instances cannot open the same project.

Project: C:/Gitkraken/Un-Paso-a-Ciegas
Fatal Error! It looks like another Unity instance is running with this project open.

Multiple Unity instances cannot open the same project.

Project: C:/Gitkraken/Un-Paso-a-Ciegas
Crash!!!
SymInit: Symbol-SearchPath: 'C:/Program Files/Unity/Hub/Editor/6000.0.58f2/Editor/Data/Mono;.;C:\Gitkraken\Un-Paso-a-Ciegas;C:\Gitkraken\Un-Paso-a-Ciegas\Library\BurstCache\JIT;C:\Program Files\Unity\Hub\Editor\6000.0.58f2\Editor;C:\Windows;C:\Windows\system32;', symOptions: 534, UserName: '25350'
OS-Version: 10.0.0
C:\Program Files\Unity\Hub\Editor\6000.0.58f2\Editor\Unity.exe:Unity.exe (00007FF716880000), size: 299008 (result: 0), SymType: '-deferred-', PDB: '', fileVersion: 6000.0.58.57061
C:\Windows\SYSTEM32\ntdll.dll:ntdll.dll (00007FFB89C40000), size: 2514944 (result: 0), SymType: '-deferred-', PDB: '', fileVersion: 10.0.26100.8521
C:\Windows\System32\KERNEL32.DLL:KERNEL32.DLL (00007FFB89360000), size: 823296 (result: 0), SymType: '-deferred-', PDB: '', fileVersion: 10.0.26100.8521
C:\Windows\System32\KERNELBASE.dll:KERNELBASE.dll (00007FFB87020000), size: 4169728 (result: 0), SymType: '-deferred-', PDB: '', fileVersion: 10.0.26100.8655
C:\Windows\System32\USER32.dll:USER32.dll (00007FFB87AB0000), size: 1863680 (result: 0), SymType: '-deferred-', PDB: '', fileVersion: 10.0.26100.8521
C:\Windows\System32\win32u.dll:win32u.dll (00007FFB87700000), size: 159744 (result: 0), SymType: '-deferred-', PDB: '', fileVersion: 10.0.26100.8655
C:\Windows\System32\GDI32.dll:GDI32.dll (00007FFB89140000), size: 176128 (result: 0), SymType: '-deferred-', PDB: '', fileVersion: 10.0.26100.8328
C:\Windows\System32\gdi32full.dll:gdi32full.dll (00007FFB87880000), size: 1224704 (result: 0), SymType: '-deferred-', PDB: '', fileVersion: 10.0.26100.8521
C:\Windows\System32\msvcp_win.dll:msvcp_win.dll (00007FFB874D0000), size: 667648 (result: 0), SymType: '-deferred-', PDB: '', fileVersion: 10.0.26100.8521
C:\Windows\System32\ucrtbase.dll:ucrtbase.dll (00007FFB86ED0000), size: 1359872 (result: 0), SymType: '-deferred-', PDB: '', fileVersion: 10.0.26100.8521
C:\Windows\System32\IMM32.DLL:IMM32.DLL (00007FFB89100000), size: 204800 (result: 0), SymType: '-deferred-', PDB: '', fileVersion: 10.0.26100.8521
C:\Program Files\Unity\Hub\Editor\6000.0.58f2\Editor\Unity.dll:Unity.dll (00007FFA692A0000), size: 87121920 (result: 0), SymType: '-deferred-', PDB: '', fileVersion: 6000.0.58.57061
C:\Windows\System32\CRYPT32.dll:CRYPT32.dll (00007FFB87580000), size: 1540096 (result: 0), SymType: '-deferred-', PDB: '', fileVersion: 10.0.26100.8521
C:\Windows\System32\ADVAPI32.dll:ADVAPI32.dll (00007FFB891E0000), size: 745472 (result: 0), SymType: '-deferred-', PDB: '', fileVersion: 10.0.26100.8521
C:\Windows\System32\msvcrt.dll:msvcrt.dll (00007FFB88890000), size: 692224 (result: 0), SymType: '-deferred-', PDB: '', fileVersion: 7.0.26100.8246
C:\Program Files\Unity\Hub\Editor\6000.0.58f2\Editor\s3tcompress.dll:s3tcompress.dll (00007FFAB2800000), size: 180224 (result: 0), SymType: '-deferred-', PDB: ''
C:\Windows\System32\sechost.dll:sechost.dll (00007FFB88DE0000), size: 696320 (result: 0), SymType: '-deferred-', PDB: '', fileVersion: 10.0.26100.8521
C:\Program Files\Unity\Hub\Editor\6000.0.58f2\Editor\libfbxsdk.dll:libfbxsdk.dll (00007FFAA7B20000), size: 8019968 (result: 0), SymType: '-deferred-', PDB: '', fileVersion: 2020.3.7.0
C:\Program Files\Unity\Hub\Editor\6000.0.58f2\Editor\etccompress.dll:etccompress.dll (00007FFAA8A10000), size: 5070848 (result: 0), SymType: '-deferred-', PDB: ''
C:\Windows\System32\RPCRT4.dll:RPCRT4.dll (00007FFB87F90000), size: 1146880 (result: 0), SymType: '-deferred-', PDB: '', fileVersion: 10.0.26100.8521
C:\Program Files\Unity\Hub\Editor\6000.0.58f2\Editor\ispc_texcomp.dll:ispc_texcomp.dll (00007FFAB1E10000), size: 1826816 (result: 0), SymType: '-deferred-', PDB: ''
C:\Program Files\Unity\Hub\Editor\6000.0.58f2\Editor\compress_bc7e.dll:compress_bc7e.dll (00007FFAB1840000), size: 1433600 (result: 0), SymType: '-deferred-', PDB: ''
C:\Windows\System32\ole32.dll:ole32.dll (00007FFB87D60000), size: 1671168 (result: 0), SymType: '-deferred-', PDB: '', fileVersion: 10.0.26100.8521
C:\Program Files\Unity\Hub\Editor\6000.0.58f2\Editor\FreeImage.dll:FreeImage.dll (0000000180000000), size: 5783552 (result: 0), SymType: '-deferred-', PDB: '', fileVersion: 3.18.0.0
C:\Windows\System32\combase.dll:combase.dll (00007FFB89810000), size: 3682304 (result: 0), SymType: '-deferred-', PDB: '', fileVersion: 10.0.26100.8521
C:\Program Files\Unity\Hub\Editor\6000.0.58f2\Editor\WinPixEventRuntime.dll:WinPixEventRuntime.dll (00007FFAD40A0000), size: 57344 (result: 0), SymType: '-deferred-', PDB: '', fileVersion: 1.0.2403.8001
C:\Program Files\Unity\Hub\Editor\6000.0.58f2\Editor\umbraoptimizer64.dll:umbraoptimizer64.dll (00007FFAB1710000), size: 1187840 (result: 0), SymType: '-deferred-', PDB: ''
C:\Windows\System32\WS2_32.dll:WS2_32.dll (00007FFB87F00000), size: 524288 (result: 0), SymType: '-deferred-', PDB: '', fileVersion: 10.0.26100.8521
C:\Windows\System32\SETUPAPI.dll:SETUPAPI.dll (00007FFB88940000), size: 4747264 (result: 0), SymType: '-deferred-', PDB: '', fileVersion: 10.0.26100.8521
C:\Windows\SYSTEM32\MSVCP140.dll:MSVCP140.dll (00007FFB636E0000), size: 557056 (result: 0), SymType: '-deferred-', PDB: '', fileVersion: 14.50.35719.0
C:\Windows\System32\SHELL32.dll:SHELL32.dll (00007FFB880B0000), size: 7880704 (result: 0), SymType: '-deferred-', PDB: '', fileVersion: 10.0.26100.8655
C:\Windows\System32\SHLWAPI.dll:SHLWAPI.dll (00007FFB89170000), size: 421888 (result: 0), SymType: '-deferred-', PDB: '', fileVersion: 10.0.26100.8521
C:\Windows\SYSTEM32\VCRUNTIME140.dll:VCRUNTIME140.dll (00007FFB61D20000), size: 122880 (result: 0), SymType: '-deferred-', PDB: '', fileVersion: 14.50.35719.0
C:\Windows\SYSTEM32\VCRUNTIME140_1.dll:VCRUNTIME140_1.dll (00007FFB61D40000), size: 45056 (result: 0), SymType: '-deferred-', PDB: '', fileVersion: 14.50.35719.0
C:\Windows\System32\OLEAUT32.dll:OLEAUT32.dll (00007FFB87C80000), size: 888832 (result: 0), SymType: '-deferred-', PDB: '', fileVersion: 10.0.26100.8655
C:\Windows\System32\WINTRUST.dll:WINTRUST.dll (00007FFB87730000), size: 536576 (result: 0), SymType: '-deferred-', PDB: '', fileVersion: 10.0.26100.8521
C:\Windows\SYSTEM32\bcrypt.dll:bcrypt.dll (00007FFB86DC0000), size: 172032 (result: 0), SymType: '-deferred-', PDB: '', fileVersion: 10.0.26100.8521
C:\Windows\SYSTEM32\d3d11.dll:d3d11.dll (00007FFB83960000), size: 2494464 (result: 0), SymType: '-deferred-', PDB: '', fileVersion: 10.0.26100.8521
C:\Windows\SYSTEM32\d3d12.dll:d3d12.dll (00007FFB48540000), size: 151552 (result: 0), SymType: '-deferred-', PDB: '', fileVersion: 10.0.26100.8521
C:\Windows\SYSTEM32\dwmapi.dll:dwmapi.dll (00007FFB82630000), size: 192512 (result: 0), SymType: '-deferred-', PDB: '', fileVersion: 10.0.26100.8521
C:\Windows\SYSTEM32\dxgi.dll:dxgi.dll (00007FFB83820000), size: 1286144 (result: 0), SymType: '-deferred-', PDB: '', fileVersion: 10.0.26100.8521
C:\Windows\SYSTEM32\HID.DLL:HID.DLL (00007FFB848B0000), size: 61440 (result: 0), SymType: '-deferred-', PDB: '', fileVersion: 10.0.26100.1150
C:\Windows\SYSTEM32\IPHLPAPI.DLL:IPHLPAPI.DLL (00007FFB84F20000), size: 208896 (result: 0), SymType: '-deferred-', PDB: '', fileVersion: 10.0.26100.8655
C:\Windows\SYSTEM32\OPENGL32.dll:OPENGL32.dll (00007FFB45080000), size: 1097728 (result: 0), SymType: '-deferred-', PDB: '', fileVersion: 10.0.26100.8521
C:\Windows\SYSTEM32\WINHTTP.dll:WINHTTP.dll (00007FFB804E0000), size: 1216512 (result: 0), SymType: '-deferred-', PDB: '', fileVersion: 10.0.26100.8521
C:\Windows\SYSTEM32\WINMM.dll:WINMM.dll (00007FFB79F10000), size: 221184 (result: 0), SymType: '-deferred-', PDB: '', fileVersion: 10.0.26100.8521
C:\Windows\SYSTEM32\GLU32.dll:GLU32.dll (00007FFB45050000), size: 184320 (result: 0), SymType: '-deferred-', PDB: '', fileVersion: 10.0.26100.1150
C:\Program Files\Unity\Hub\Editor\6000.0.58f2\Editor\SketchUpAPI.dll:SketchUpAPI.dll (00007FFA68A00000), size: 8990720 (result: 0), SymType: '-deferred-', PDB: '', fileVersion: 23.0.0.0
C:\Program Files\Unity\Hub\Editor\6000.0.58f2\Editor\NativeProxyHelper.dll:NativeProxyHelper.dll (00007FFAA9650000), size: 1789952 (result: 0), SymType: '-deferred-', PDB: ''
C:\Windows\SYSTEM32\VERSION.dll:VERSION.dll (00007FFB7E890000), size: 45056 (result: 0), SymType: '-deferred-', PDB: '', fileVersion: 10.0.26100.1150
C:\Windows\SYSTEM32\WSOCK32.dll:WSOCK32.dll (00007FFB60440000), size: 40960 (result: 0), SymType: '-deferred-', PDB: '', fileVersion: 10.0.26100.1
C:\Windows\SYSTEM32\powrprof.dll:powrprof.dll (00007FFB86730000), size: 385024 (result: 0), SymType: '-deferred-', PDB: '', fileVersion: 10.0.26100.3912
C:\Program Files\Unity\Hub\Editor\6000.0.58f2\Editor\SketchUpCommonPreferences.dll:SketchUpCommonPreferences.dll (00007FFAB2780000), size: 499712 (result: 0), SymType: '-deferred-', PDB: '', fileVersion: 23.0.0.0
C:\Windows\SYSTEM32\Secur32.dll:Secur32.dll (00007FFB82310000), size: 53248 (result: 0), SymType: '-deferred-', PDB: '', fileVersion: 10.0.26100.7705
C:\Windows\SYSTEM32\dxcore.dll:dxcore.dll (00007FFB82DA0000), size: 278528 (result: 0), SymType: '-deferred-', PDB: '', fileVersion: 10.0.26100.8521
C:\Windows\SYSTEM32\SSPICLI.DLL:SSPICLI.DLL (00007FFB85690000), size: 299008 (result: 0), SymType: '-deferred-', PDB: '', fileVersion: 10.0.26100.8521
C:\Program Files\Unity\Hub\Editor\6000.0.58f2\Editor\OpenRL.dll:OpenRL.dll (0000026596F60000), size: 12779520 (result: 0), SymType: '-deferred-', PDB: '', fileVersion: 1.5.0.2907
C:\Windows\SYSTEM32\cfgmgr32.DLL:cfgmgr32.DLL (00007FFB86B60000), size: 331776 (result: 0), SymType: '-deferred-', PDB: '', fileVersion: 10.0.26100.8115
C:\Windows\SYSTEM32\MSVCP100.dll:MSVCP100.dll (000000006E660000), size: 622592 (result: 0), SymType: '-deferred-', PDB: '', fileVersion: 10.0.40219.325
C:\Windows\SYSTEM32\MSVCR100.dll:MSVCR100.dll (000000006D3F0000), size: 860160 (result: 0), SymType: '-deferred-', PDB: '', fileVersion: 10.0.40219.325
C:\Program Files\Unity\Hub\Editor\6000.0.58f2\Editor\embree.dll:embree.dll (00007FFA67A10000), size: 16711680 (result: 0), SymType: '-deferred-', PDB: '', fileVersion: 2.14.0.0
C:\Windows\SYSTEM32\MSWSOCK.DLL:MSWSOCK.DLL (00007FFB85B40000), size: 442368 (result: 0), SymType: '-deferred-', PDB: '', fileVersion: 10.0.26100.8521
C:\Program Files\Unity\Hub\Editor\6000.0.58f2\Editor\tbb.dll:tbb.dll (00007FFAB1CF0000), size: 303104 (result: 0), SymType: '-deferred-', PDB: '', fileVersion: 2020.3.2022.1111
C:\Program Files\Unity\Hub\Editor\6000.0.58f2\Editor\OpenRL_pthread.dll:OpenRL_pthread.dll (0000026597B90000), size: 61440 (result: 0), SymType: '-deferred-', PDB: '', fileVersion: 2.9.0.0
C:\Windows\SYSTEM32\UMPDC.dll:UMPDC.dll (00007FFB86600000), size: 81920 (result: 0), SymType: '-deferred-', PDB: '', fileVersion: 10.0.26100.8115
C:\Windows\SYSTEM32\MSASN1.dll:MSASN1.dll (00007FFB85E30000), size: 77824 (result: 0), SymType: '-deferred-', PDB: '', fileVersion: 10.0.26100.8246
C:\Windows\System32\bcryptprimitives.dll:bcryptprimitives.dll (00007FFB87420000), size: 688128 (result: 0), SymType: '-deferred-', PDB: '', fileVersion: 10.0.26100.8328
C:\Windows\SYSTEM32\kernel.appcore.dll:kernel.appcore.dll (00007FFB85430000), size: 110592 (result: 0), SymType: '-deferred-', PDB: '', fileVersion: 10.0.26100.8521
C:\Windows\system32\uxtheme.dll:uxtheme.dll (00007FFB824C0000), size: 696320 (result: 0), SymType: '-deferred-', PDB: '', fileVersion: 10.0.26100.8521
C:\ProgramData\A-Volute\A-Volute.Nahimic\Modules\Scheduled\x64\AudioDevProps2.dll:AudioDevProps2.dll (00007FFAFC620000), size: 1257472 (result: 0), SymType: '-deferred-', PDB: '', fileVersion: 2.6.31.0
[Licensing::Client] Code 10 while verifying Licensing Client signature (process Id: 37200, path: "C:/Unity/Unity Hub/UnityLicensingClient_V1/Unity.Licensing.Client.exe")
[Licensing::Module] LicensingClient has failed validation; ignoring
C:\Windows\SYSTEM32\apphelp.dll:apphelp.dll (00007FFB82350000), size: 655360 (result: 0), SymType: '-deferred-', PDB: '', fileVersion: 10.0.26100.8521
C:\Windows\SYSTEM32\windows.storage.dll:windows.storage.dll (00007FFB84010000), size: 8912896 (result: 0), SymType: '-deferred-', PDB: '', fileVersion: 10.0.26100.8655
C:\Windows\System32\SHCORE.dll:SHCORE.dll (00007FFB88FF0000), size: 1007616 (result: 0), SymType: '-deferred-', PDB: '', fileVersion: 10.0.26100.8655
C:\Windows\SYSTEM32\profapi.dll:profapi.dll (00007FFB86DF0000), size: 167936 (result: 0), SymType: '-deferred-', PDB: '', fileVersion: 10.0.26100.8521
C:\Windows\SYSTEM32\CRYPTSP.dll:CRYPTSP.dll (00007FFB86B10000), size: 110592 (result: 0), SymType: '-deferred-', PDB: '', fileVersion: 10.0.26100.8521
C:\Windows\system32\IconCodecService.dll:IconCodecService.dll (00007FFB7FBF0000), size: 45056 (result: 0), SymType: '-deferred-', PDB: '', fileVersion: 10.0.26100.1
C:\Windows\system32\rsaenh.dll:rsaenh.dll (00007FFB85390000), size: 233472 (result: 0), SymType: '-deferred-', PDB: '', fileVersion: 10.0.26100.7705
[Licensing::Client] Handshaking with LicensingClient:
  Version:                 1.17.4+4293ba1
  Session Id:              12e7c0d01f8140dc9a749740fb78fa11
  Correlation Id:          d7b57250931aa460823c7d10404f3f53
  External correlation Id: 3754122200088534588
  Machine Id:              3opD4a2m9UpspQxPpBBDRZtskLg=
[Licensing::Module] Successfully connected to LicensingClient on channel: "LicenseClient-25350" (connect: 0.00s, validation: 0.00s, handshake: 0.07s)
[Licensing::IpcConnector] Successfully connected to: "LicenseClient-25350-notifications" at "2026-06-26T16:17:40.0368904Z"
[Licensing::Module] Error: Access token is unavailable; failed to update
C:\Windows\SYSTEM32\WindowsCodecs.dll:WindowsCodecs.dll (00007FFB81300000), size: 2277376 (result: 0), SymType: '-deferred-', PDB: '', fileVersion: 10.0.26100.8655
C:\Windows\SYSTEM32\CRYPTBASE.dll:CRYPTBASE.dll (00007FFB85DE0000), size: 49152 (result: 0), SymType: '-deferred-', PDB: '', fileVersion: 10.0.26100.8246
C:\Windows\System32\clbcatq.dll:clbcatq.dll (00007FFB892A0000), size: 712704 (result: 0), SymType: '-deferred-', PDB: '', fileVersion: 2001.12.10941.16384
C:\Windows\System32\imagehlp.dll:imagehlp.dll (00007FFB896A0000), size: 131072 (result: 0), SymType: '-deferred-', PDB: '', fileVersion: 10.0.26100.4202
C:\Windows\System32\netprofm.dll:netprofm.dll (00007FFB803D0000), size: 450560 (result: 0), SymType: '-deferred-', PDB: '', fileVersion: 10.0.26100.8521
C:\Windows\System32\npmproxy.dll:npmproxy.dll (00007FFB7A4E0000), size: 102400 (result: 0), SymType: '-deferred-', PDB: '', fileVersion: 10.0.26100.8328
[Licensing::Client] Successfully resolved entitlement details
[Licensing::Module] License group:
  Id: 6872729522187-yixuanchen0357-UnityProStuXXXX
  Product: Unity Student
  Type: Assigned
  Expiration: 2027-02-07T09:54:54Z
C:\Windows\SYSTEM32\gpapi.dll:gpapi.dll (00007FFB85BB0000), size: 192512 (result: 0), SymType: '-deferred-', PDB: '', fileVersion: 10.0.26100.8521
C:\Windows\SYSTEM32\dbghelp.dll:dbghelp.dll (00007FFB867A0000), size: 2367488 (result: 0), SymType: '-deferred-', PDB: '', fileVersion: 10.0.26100.8328
C:\Windows\System32\cryptnet.dll:cryptnet.dll (00007FFB7E6D0000), size: 241664 (result: 0), SymType: '-deferred-', PDB: '', fileVersion: 10.0.26100.8521

========== OUTPUTTING STACK TRACE ==================

[Licensing::Client] Successfully updated license, isAsync: True, time: 0.00
0x00007FFB870E1B6A (KERNELBASE) RaiseException
[Licensing::Client] Successfully resolved entitlement details
[Licensing::Module] Licensing Background thread has ended after 0.08s
0x00007FFA6AE3C0D5 (Unity) EditorMonoConsole::LogToConsoleImplementation
0x00007FFA6AE3CD9A (Unity) EditorMonoConsole::LogToConsoleImplementation
0x00007FFA6BAD126D (Unity) DebugStringToFilePostprocessedStacktrace
0x00007FFA6BAD0608 (Unity) DebugStringToFile
0x00007FFA6AF3A916 (Unity) HandleProjectAlreadyOpenInAnotherInstance
0x00007FFA6AF3C728 (Unity) Application::InitializeProject
0x00007FFA6B52AC35 (Unity) UnityMain
0x00007FF716882FBA (Unity) __scrt_common_main_seh
0x00007FFB8938E957 (KERNEL32) BaseThreadInitThunk
0x00007FFB89CC7C1C (ntdll) RtlUserThreadStart

========== END OF STACKTRACE ===========

A crash has been intercepted by the crash handler. For call stack and other details, see the latest crash report generated in:
 * C:/Users/25350/AppData/Local/Temp/Unity/Editor/Crashes
